../Core/Src/main.c:88:6:HAL_TIM_IC_CaptureCallback	16	static
../Core/Src/main.c:106:6:HAL_TIM_PeriodElapsedCallback	16	static
../Core/Src/main.c:122:5:main	64	static
../Core/Src/main.c:202:6:SystemClock_Config	120	static
../Core/Src/main.c:255:13:MX_I2C1_Init	8	static
../Core/Src/main.c:303:13:MX_SPI1_Init	8	static
../Core/Src/main.c:341:13:MX_TIM2_Init	48	static
../Core/Src/main.c:400:13:MX_TIM21_Init	64	static
../Core/Src/main.c:472:13:MX_TIM22_Init	64	static
../Core/Src/main.c:544:13:MX_USART1_UART_Init	8	static
../Core/Src/main.c:577:13:MX_DMA_Init	16	static
../Core/Src/main.c:595:13:MX_GPIO_Init	48	static
../Core/Src/main.c:648:6:Error_Handler	8	static,ignoring_inline_asm
