../Core/Src/main.c:88:6:HAL_TIM_IC_CaptureCallback	16	static
../Core/Src/main.c:106:6:HAL_TIM_PeriodElapsedCallback	16	static
../Core/Src/main.c:122:5:main	16	static
../Core/Src/main.c:233:6:SystemClock_Config	120	static
../Core/Src/main.c:286:13:MX_I2C1_Init	8	static
../Core/Src/main.c:334:13:MX_SPI1_Init	8	static
../Core/Src/main.c:372:13:MX_TIM2_Init	48	static
../Core/Src/main.c:431:13:MX_TIM21_Init	64	static
../Core/Src/main.c:503:13:MX_TIM22_Init	64	static
../Core/Src/main.c:575:13:MX_USART1_UART_Init	8	static
../Core/Src/main.c:608:13:MX_DMA_Init	16	static
../Core/Src/main.c:626:13:MX_GPIO_Init	48	static
../Core/Src/main.c:678:6:Error_Handler	8	static,ignoring_inline_asm
