../Core/Src/rc522.c:10:9:RC522_SPI_Transfer	40	static
../Core/Src/rc522.c:24:6:Write_MFRC522	16	static
../Core/Src/rc522.c:48:7:Read_MFRC522	32	static
../Core/Src/rc522.c:77:6:SetBitMask	32	static
../Core/Src/rc522.c:90:6:ClearBitMask	32	static
../Core/Src/rc522.c:103:6:AntennaOn	8	static
../Core/Src/rc522.c:116:6:AntennaOff	8	static
../Core/Src/rc522.c:127:6:MFRC522_Reset	8	static
../Core/Src/rc522.c:138:6:MFRC522_Init	8	static
../Core/Src/rc522.c:166:7:MFRC522_ToCard	48	static
../Core/Src/rc522.c:289:7:MFRC522_Request	40	static
../Core/Src/rc522.c:313:7:MFRC522_Anticoll	40	static
../Core/Src/rc522.c:352:6:CalculateCRC	40	static
../Core/Src/rc522.c:386:7:MFRC522_SelectTag	64	static
../Core/Src/rc522.c:428:7:MFRC522_Auth	64	static
../Core/Src/rc522.c:462:7:MFRC522_Read	40	static
../Core/Src/rc522.c:486:7:MFRC522_Write	72	static
../Core/Src/rc522.c:527:6:MFRC522_Halt	24	static
