../Core/Src/stm32l0xx_hal_msp.c:67:6:HAL_MspInit	8	static
../Core/Src/stm32l0xx_hal_msp.c:89:6:HAL_I2C_MspInit	48	static
../Core/Src/stm32l0xx_hal_msp.c:147:6:HAL_I2C_MspDeInit	16	static
../Core/Src/stm32l0xx_hal_msp.c:183:6:HAL_SPI_MspInit	48	static
../Core/Src/stm32l0xx_hal_msp.c:220:6:HAL_SPI_MspDeInit	16	static
../Core/Src/stm32l0xx_hal_msp.c:250:6:HAL_TIM_Base_MspInit	48	static
../Core/Src/stm32l0xx_hal_msp.c:322:6:HAL_TIM_MspPostInit	56	static
../Core/Src/stm32l0xx_hal_msp.c:395:6:HAL_TIM_Base_MspDeInit	16	static
../Core/Src/stm32l0xx_hal_msp.c:460:6:HAL_UART_MspInit	48	static
../Core/Src/stm32l0xx_hal_msp.c:496:6:HAL_UART_MspDeInit	16	static
