../Core/Src/main.c:86:6:HAL_TIM_IC_CaptureCallback	16	static
../Core/Src/main.c:98:6:HAL_TIM_PeriodElapsedCallback	16	static
../Core/Src/main.c:106:6:HAL_TIM_PWM_PulseFinishedCallback	16	static
../Core/Src/main.c:121:5:main	16	static
../Core/Src/main.c:199:6:SystemClock_Config	88	static
../Core/Src/main.c:246:13:MX_I2C1_Init	8	static
../Core/Src/main.c:294:13:MX_SPI2_Init	8	static
../Core/Src/main.c:334:13:MX_TIM2_Init	80	static
../Core/Src/main.c:406:13:MX_TIM3_Init	80	static
../Core/Src/main.c:478:13:MX_TIM17_Init	88	static
../Core/Src/main.c:541:13:MX_USART2_UART_Init	8	static
../Core/Src/main.c:575:13:MX_DMA_Init	16	static
../Core/Src/main.c:593:13:MX_GPIO_Init	56	static
../Core/Src/main.c:627:6:Error_Handler	8	static,ignoring_inline_asm
