../Core/Src/main.c:81:6:HAL_TIM_IC_CaptureCallback	3
../Core/Src/main.c:93:6:HAL_TIM_PeriodElapsedCallback	1
../Core/Src/main.c:101:6:HAL_TIM_PWM_PulseFinishedCallback	1
../Core/Src/main.c:116:5:main	1
../Core/Src/main.c:183:6:SystemClock_Config	3
../Core/Src/main.c:230:13:MX_I2C1_Init	4
../Core/Src/main.c:278:13:MX_TIM2_Init	8
../Core/Src/main.c:350:13:MX_TIM3_Init	8
../Core/Src/main.c:422:13:MX_TIM17_Init	5
../Core/Src/main.c:485:13:MX_USART2_UART_Init	2
../Core/Src/main.c:519:13:MX_DMA_Init	1
../Core/Src/main.c:537:13:MX_GPIO_Init	1
../Core/Src/main.c:570:6:Error_Handler	1
