../Core/Src/main.c:81:6:HAL_TIM_IC_CaptureCallback	16	static
../Core/Src/main.c:93:6:HAL_TIM_PeriodElapsedCallback	16	static
../Core/Src/main.c:101:6:HAL_TIM_PWM_PulseFinishedCallback	16	static
../Core/Src/main.c:116:5:main	32	static
../Core/Src/main.c:183:6:SystemClock_Config	88	static
../Core/Src/main.c:230:13:MX_I2C1_Init	8	static
../Core/Src/main.c:278:13:MX_TIM2_Init	80	static
../Core/Src/main.c:350:13:MX_TIM3_Init	80	static
../Core/Src/main.c:422:13:MX_TIM17_Init	88	static
../Core/Src/main.c:485:13:MX_USART2_UART_Init	8	static
../Core/Src/main.c:519:13:MX_DMA_Init	16	static
../Core/Src/main.c:537:13:MX_GPIO_Init	48	static
../Core/Src/main.c:570:6:Error_Handler	8	static,ignoring_inline_asm
