../Core/Src/main.c:83:6:HAL_TIM_IC_CaptureCallback	16	static
../Core/Src/main.c:95:6:HAL_TIM_PeriodElapsedCallback	16	static
../Core/Src/main.c:118:5:main	8	static
../Core/Src/main.c:198:6:SystemClock_Config	88	static
../Core/Src/main.c:245:13:MX_I2C1_Init	8	static
../Core/Src/main.c:293:13:MX_SPI2_Init	8	static
../Core/Src/main.c:333:13:MX_TIM2_Init	80	static
../Core/Src/main.c:405:13:MX_TIM3_Init	80	static
../Core/Src/main.c:477:13:MX_TIM17_Init	88	static
../Core/Src/main.c:540:13:MX_USART2_UART_Init	8	static
../Core/Src/main.c:574:13:MX_DMA_Init	16	static
../Core/Src/main.c:592:13:MX_GPIO_Init	56	static
../Core/Src/main.c:626:6:Error_Handler	8	static,ignoring_inline_asm
